// Jest Snapshot v1, https://goo.gl/fbAQLP

exports[`WeatherCard component... should match snapshot 1`] = `
<div>
  <div
    class="cardBottomPortion"
  >
    <div
      class="cardDetail"
    >
      <ul
        class="forecastsWrapper"
      >
        <li
          class="forecastItem"
        >
          <span
            class="forecastIcon wi wi-wu-snow"
          />
          <div
            class="cardTemperature"
          >
            -2
          </div>
          <div
            class="cardTemperature"
          >
            -6
          </div>
          <p
            class="forecastDay"
          >
            Thu
          </p>
        </li>
        <li
          class="forecastItem"
        >
          <span
            class="forecastIcon wi wi-wu-snow"
          />
          <div
            class="cardTemperature"
          >
            -2
          </div>
          <div
            class="cardTemperature"
          >
            -6
          </div>
          <p
            class="forecastDay"
          >
            Fri
          </p>
        </li>
        <li
          class="forecastItem"
        >
          <span
            class="forecastIcon wi wi-wu-snow"
          />
          <div
            class="cardTemperature"
          >
            -2
          </div>
          <div
            class="cardTemperature"
          >
            -6
          </div>
          <p
            class="forecastDay"
          >
            Sat
          </p>
        </li>
        <li
          class="forecastItem"
        >
          <span
            class="forecastIcon wi wi-wu-snow"
          />
          <div
            class="cardTemperature"
          >
            -2
          </div>
          <div
            class="cardTemperature"
          >
            -6
          </div>
          <p
            class="forecastDay"
          >
            Sun
          </p>
        </li>
        <li
          class="forecastItem"
        >
          <span
            class="forecastIcon wi wi-wu-snow"
          />
          <div
            class="cardTemperature"
          >
            -2
          </div>
          <div
            class="cardTemperature"
          >
            -6
          </div>
          <p
            class="forecastDay"
          >
            Mon
          </p>
        </li>
      </ul>
    </div>
  </div>
</div>
`;
